Microchip Technology Inc, v2.10 (B)

Tool Name:
  /opt/microchip/xc16/v2.10/bin/bin/../bin/elf-ld

Command:
  -T/tmp/tmp0004c561.00 \
  -T/tmp/tmp0004c561.01 \
  -T/tmp/tmp0004c561.02 \
  -T/tmp/tmp0004c561.03 \
  -T/tmp/tmp0004c561.04 \
  -p24F16KA101 \
  --mdfp=/opt/microchip/mplabx/v6.20/packs/Microchip/PIC24F-KA-KL-KM_DFP/1.5.253/xc16 \
  -o \
  dist/default/debug/project1.X.debug.elf \
  -L/opt/microchip/xc16/v2.10/bin/bin/.. \
  -L/opt/microchip/mplabx/v6.20/packs/Microchip/PIC24F-KA-KL-KM_DFP/1.5.253/xc16/bin/../support/PIC24F/gld \
  -L/opt/microchip/xc16/v2.10/bin/bin/../../lib \
  -L/opt/microchip/xc16/v2.10/bin/bin/../../support/PIC24E/gld \
  -L/opt/microchip/xc16/v2.10/bin/bin/../../support/PIC24F/gld \
  -L/opt/microchip/xc16/v2.10/bin/bin/../../support/PIC24H/gld \
  -L/opt/microchip/xc16/v2.10/bin/bin/../../support/dsPIC30F/gld \
  -L/opt/microchip/xc16/v2.10/bin/bin/../../support/dsPIC33C/gld \
  -L/opt/microchip/xc16/v2.10/bin/bin/../../support/dsPIC33E/gld \
  -L/opt/microchip/xc16/v2.10/bin/bin/../../support/dsPIC33F/gld \
  build/default/debug/project1_main.o \
  build/default/debug/UART2.o \
  build/default/debug/clkChange.o \
  build/default/debug/IOs.o \
  build/default/debug/TimeDelay.o \
  --defsym=__MPLAB_BUILD=1 \
  --defsym=__MPLAB_DEBUG=1 \
  --defsym=__DEBUG=1 \
  -Tp24F16KA101.gld.05 \
  --stack=16 \
  --check-sections \
  --data-init \
  --pack-data \
  --handles \
  --isr \
  --no-gc-sections \
  --fill-upper=0 \
  --stackguard=16 \
  --no-force-link \
  --smart-io \
  -Map=dist/default/debug/project1.X.debug.map \
  --report-mem \
  --memorysummary \
  dist/default/debug/memoryfile.xml \
  -start-group \
  --library=c99-pic30-elf \
  --library=m-elf \
  --library=c99-elf \
  -end-group \


Optional library libpPIC24Fxxx.a not found
Archive member included because of file (symbol)

/opt/microchip/xc16/v2.10/bin/bin/../../lib/libc99-pic30-elf.a(crt0_standard.o)
                              (__resetPRI)
/opt/microchip/xc16/v2.10/bin/bin/../../lib/libc99-pic30-elf.a(data_init_standard.o)
                              /opt/microchip/xc16/v2.10/bin/bin/../../lib/libc99-pic30-elf.a(crt0_standard.o) (__data_init_standard)
/opt/microchip/xc16/v2.10/bin/bin/../../lib/libc99-pic30-elf.a(crt_start_mode_normal.Meo)
                              (__crt_start_mode_normal)
/opt/microchip/xc16/v2.10/bin/bin/../../lib/libc99-pic30-elf.a(fixunssfsi.XX_o)
                              build/default/debug/UART2.o (___fixunssfsi)
/opt/microchip/xc16/v2.10/bin/bin/../../lib/libc99-pic30-elf.a(floatsisf.XX_o)
                              build/default/debug/UART2.o (___floatsisf)
/opt/microchip/xc16/v2.10/bin/bin/../../lib/libc99-pic30-elf.a(floatunsisf.XX_o)
                              build/default/debug/UART2.o (___floatunsisf)
/opt/microchip/xc16/v2.10/bin/bin/../../lib/libc99-pic30-elf.a(funpack.XX_o)
                              /opt/microchip/xc16/v2.10/bin/bin/../../lib/libc99-pic30-elf.a(fixunssfsi.XX_o) (__funpack)
/opt/microchip/xc16/v2.10/bin/bin/../../lib/libc99-pic30-elf.a(divsf3x.XX_o)
                              build/default/debug/UART2.o (___divsf3)
/opt/microchip/xc16/v2.10/bin/bin/../../lib/libc99-pic30-elf.a(mulsf3x.XX_o)
                              build/default/debug/TimeDelay.o (___mulsf3)
/opt/microchip/xc16/v2.10/bin/bin/../../lib/libc99-pic30-elf.a(dnrmpackfx.XX_o)
                              /opt/microchip/xc16/v2.10/bin/bin/../../lib/libc99-pic30-elf.a(mulsf3x.XX_o) (__dnrmpackf)
/opt/microchip/xc16/v2.10/bin/bin/../../lib/libc99-pic30-elf.a(unpackdnrmfx.XX_o)
                              /opt/microchip/xc16/v2.10/bin/bin/../../lib/libc99-pic30-elf.a(mulsf3x.XX_o) (__unpackdnrmf)
/opt/microchip/xc16/v2.10/bin/bin/../../lib/libc99-pic30-elf.a(typefx.XX_o)
                              /opt/microchip/xc16/v2.10/bin/bin/../../lib/libc99-pic30-elf.a(divsf3x.XX_o) (__typef)
/opt/microchip/xc16/v2.10/bin/bin/../../lib/libc99-pic30-elf.a(propnanfx.XX_o)
                              /opt/microchip/xc16/v2.10/bin/bin/../../lib/libc99-pic30-elf.a(mulsf3x.XX_o) (__propnanf)
/opt/microchip/xc16/v2.10/bin/bin/../../lib/libc99-pic30-elf.a(spackfx.XX_o)
                              /opt/microchip/xc16/v2.10/bin/bin/../../lib/libc99-pic30-elf.a(divsf3x.XX_o) (__spackf)
/opt/microchip/xc16/v2.10/bin/bin/../../lib/libc99-pic30-elf.a(unpackfx.XX_o)
                              /opt/microchip/xc16/v2.10/bin/bin/../../lib/libc99-pic30-elf.a(divsf3x.XX_o) (__unpackf)
/opt/microchip/xc16/v2.10/bin/bin/../../lib/libc99-pic30-elf.a(errno.XX_o)
                              /opt/microchip/xc16/v2.10/bin/bin/../../lib/libc99-pic30-elf.a(divsf3x.XX_o) (_errno)
/opt/microchip/xc16/v2.10/bin/bin/../../lib/libc99-pic30-elf.a(floatdisf.XX_o)
                              /opt/microchip/xc16/v2.10/bin/bin/../../lib/libc99-pic30-elf.a(floatsisf.XX_o) (___floatdisf)
/opt/microchip/xc16/v2.10/bin/bin/../../lib/libc99-pic30-elf.a(floatundisf.XX_o)
                              /opt/microchip/xc16/v2.10/bin/bin/../../lib/libc99-pic30-elf.a(floatunsisf.XX_o) (___floatundisf)
/opt/microchip/xc16/v2.10/bin/bin/../../lib/libc99-pic30-elf.a(fpack.XX_o)
                              /opt/microchip/xc16/v2.10/bin/bin/../../lib/libc99-pic30-elf.a(floatundisf.XX_o) (__fpack)
/opt/microchip/xc16/v2.10/bin/bin/../../lib/libm-elf.a(powf.XX_o)
                              build/default/debug/UART2.o (_powf)
/opt/microchip/xc16/v2.10/bin/bin/../../lib/libm-elf.a(scalbnf.XX_o)
                              /opt/microchip/xc16/v2.10/bin/bin/../../lib/libm-elf.a(powf.XX_o) (_scalbnf)
/opt/microchip/xc16/v2.10/bin/bin/../../lib/libm-elf.a(sqrtf.XX_o)
                              /opt/microchip/xc16/v2.10/bin/bin/../../lib/libm-elf.a(powf.XX_o) (_sqrtf)
/opt/microchip/xc16/v2.10/bin/bin/../../lib/libm-elf.a(fabsf.XX_o)
                              /opt/microchip/xc16/v2.10/bin/bin/../../lib/libm-elf.a(powf.XX_o) (_fabsf)
/opt/microchip/xc16/v2.10/bin/bin/../../lib/libc99-elf.a(__errno_location.XX_o)
                              /opt/microchip/xc16/v2.10/bin/bin/../../lib/libm-elf.a(powf.XX_o) (___errno_val)
/opt/microchip/xc16/v2.10/bin/bin/../../lib/libc99-elf.a(__sio_snprintf_dosux.XX_o)
                              build/default/debug/project1_main.o (__snprintf_cdnopsuxX)
/opt/microchip/xc16/v2.10/bin/bin/../../lib/libc99-elf.a(strlen.XX_o)
                              build/default/debug/UART2.o (_strlen)
/opt/microchip/xc16/v2.10/bin/bin/../../lib/libc99-elf.a(__fmt_d.XX_o)
                              /opt/microchip/xc16/v2.10/bin/bin/../../lib/libc99-elf.a(__sio_snprintf_dosux.XX_o) (___fmt_d_needed)
/opt/microchip/xc16/v2.10/bin/bin/../../lib/libc99-elf.a(__fmt_o.XX_o)
                              /opt/microchip/xc16/v2.10/bin/bin/../../lib/libc99-elf.a(__sio_snprintf_dosux.XX_o) (___fmt_o_needed)
/opt/microchip/xc16/v2.10/bin/bin/../../lib/libc99-elf.a(__fmt_s.XX_o)
                              /opt/microchip/xc16/v2.10/bin/bin/../../lib/libc99-elf.a(__sio_snprintf_dosux.XX_o) (___fmt_s_needed)
/opt/microchip/xc16/v2.10/bin/bin/../../lib/libc99-elf.a(__fmt_u.XX_o)
                              /opt/microchip/xc16/v2.10/bin/bin/../../lib/libc99-elf.a(__fmt_d.XX_o) (___cvt_u)
/opt/microchip/xc16/v2.10/bin/bin/../../lib/libc99-elf.a(__fmt_x.XX_o)
                              /opt/microchip/xc16/v2.10/bin/bin/../../lib/libc99-elf.a(__sio_snprintf_dosux.XX_o) (___fmt_x_needed)
/opt/microchip/xc16/v2.10/bin/bin/../../lib/libc99-elf.a(__int_vsnprintf.XX_o)
                              /opt/microchip/xc16/v2.10/bin/bin/../../lib/libc99-elf.a(__sio_snprintf_dosux.XX_o) (___vsnprintf)
/opt/microchip/xc16/v2.10/bin/bin/../../lib/libc99-elf.a(__pop_int.XX_o)
                              /opt/microchip/xc16/v2.10/bin/bin/../../lib/libc99-elf.a(__sio_snprintf_dosux.XX_o) (___pop_int_needed)
/opt/microchip/xc16/v2.10/bin/bin/../../lib/libc99-elf.a(__pop_ptr.XX_o)
                              /opt/microchip/xc16/v2.10/bin/bin/../../lib/libc99-elf.a(__sio_snprintf_dosux.XX_o) (___pop_ptr_needed)
/opt/microchip/xc16/v2.10/bin/bin/../../lib/libc99-elf.a(__printf_core.XX_o)
                              /opt/microchip/xc16/v2.10/bin/bin/../../lib/libc99-elf.a(__fmt_d.XX_o) (___pad)
/opt/microchip/xc16/v2.10/bin/bin/../../lib/libc99-elf.a(atoi.XX_o)
                              /opt/microchip/xc16/v2.10/bin/bin/../../lib/libc99-elf.a(__printf_core.XX_o) (_atoi)
/opt/microchip/xc16/v2.10/bin/bin/../../lib/libc99-elf.a(memcpy.XX_o)
                              /opt/microchip/xc16/v2.10/bin/bin/../../lib/libc99-elf.a(__printf_core.XX_o) (_memcpy)
/opt/microchip/xc16/v2.10/bin/bin/../../lib/libc99-elf.a(memset.XX_o)
                              /opt/microchip/xc16/v2.10/bin/bin/../../lib/libc99-elf.a(__printf_core.XX_o) (_memset)
/opt/microchip/xc16/v2.10/bin/bin/../../lib/libc99-elf.a(tolower.XX_o)
                              /opt/microchip/xc16/v2.10/bin/bin/../../lib/libc99-elf.a(__printf_core.XX_o) (_tolower)
/opt/microchip/xc16/v2.10/bin/bin/../../lib/libc99-elf.a(toupper.XX_o)
                              /opt/microchip/xc16/v2.10/bin/bin/../../lib/libc99-elf.a(__fmt_x.XX_o) (_toupper)
/opt/microchip/xc16/v2.10/bin/bin/../../lib/libc99-elf.a(__int_vfprintf.XX_o)
                              /opt/microchip/xc16/v2.10/bin/bin/../../lib/libc99-elf.a(__int_vsnprintf.XX_o) (___vfprintf)
/opt/microchip/xc16/v2.10/bin/bin/../../lib/libc99-elf.a(__pop_float.XX_o)
                              /opt/microchip/xc16/v2.10/bin/bin/../../lib/libc99-elf.a(__printf_core.XX_o) (___pop_float)
/opt/microchip/xc16/v2.10/bin/bin/../../lib/libc99-pic30-elf.a(extendsfdf.XX_o)
                              /opt/microchip/xc16/v2.10/bin/bin/../../lib/libc99-elf.a(__pop_float.XX_o) (___extendsfdf2)
/opt/microchip/xc16/v2.10/bin/bin/../../lib/libc99-pic30-elf.a(feqltle.XX_o)
                              /opt/microchip/xc16/v2.10/bin/bin/../../lib/libm-elf.a(powf.XX_o) (___lesf2)
/opt/microchip/xc16/v2.10/bin/bin/../../lib/libc99-pic30-elf.a(fgtge.XX_o)
                              /opt/microchip/xc16/v2.10/bin/bin/../../lib/libm-elf.a(powf.XX_o) (___gtsf2)
/opt/microchip/xc16/v2.10/bin/bin/../../lib/libc99-pic30-elf.a(mulsi3.XX_o)
                              /opt/microchip/xc16/v2.10/bin/bin/../../lib/libc99-elf.a(memset.XX_o) (___mulsi3)
/opt/microchip/xc16/v2.10/bin/bin/../../lib/libc99-pic30-elf.a(addsf3x.XX_o)
                              /opt/microchip/xc16/v2.10/bin/bin/../../lib/libm-elf.a(powf.XX_o) (___subsf3)
/opt/microchip/xc16/v2.10/bin/bin/../../lib/libc99-pic30-elf.a(divmoddi3.XX_o)
                              /opt/microchip/xc16/v2.10/bin/bin/../../lib/libc99-elf.a(__fmt_u.XX_o) (___udivdi3)
/opt/microchip/xc16/v2.10/bin/bin/../../lib/libc99-pic30-elf.a(fcompare.XX_o)
                              /opt/microchip/xc16/v2.10/bin/bin/../../lib/libc99-pic30-elf.a(feqltle.XX_o) (__fcompare)
/opt/microchip/xc16/v2.10/bin/bin/../../lib/libc99-pic30-elf.a(funpack2.XX_o)
                              /opt/microchip/xc16/v2.10/bin/bin/../../lib/libc99-pic30-elf.a(fcompare.XX_o) (__funpack2)


Selected CodeGuard Options:
  FGS:GWRP:OFF
  FGS:GCP:OFF
  FBS:BWRP:OFF
  FBS:BSS:OFF

CodeGuard FLASH Memory:
  boot    (none)
  secure  (none)
  general 0x200 to 0x2bfe

CodeGuard RAM Memory:
  general 0x800 to 0xdff
  secure  (none)
  boot    (none)

CodeGuard EEPROM Memory:
  general 0x7ffe00 to 0x7fffff
  secure  (none)
  boot    (none)


xc16-ld 2.10 (B)

Default Code Model: Small
Default Data Model: Small
Default Scalar Model: Small

"program" Memory  [Origin = 0x200, Length = 0x2a00]

section                    address   length (PC units)   length (bytes) (dec)
-------                    -------   -----------------   --------------------
.text                        0x200              0x201c          0x302a  (12330)
.const                      0x221c                0x56            0x81  (129)
.text                       0x2272               0x43c           0x65a  (1626)
.dinit                      0x26ae                0x52            0x7b  (123)
.text                       0x2700                0x3c            0x5a  (90)

                 Total "program" memory used (bytes):         0x37da  (14298) 88%


"data" Memory  [Origin = 0x800, Length = 0x600]

section                    address      alignment gaps    total length  (dec)
-------                    -------      --------------    -------------------
reserve_data_0x800           0x800                0x20            0x20  (32)
reserve_data_0x820           0x820                 0x2             0x2  (2)
reserve_data_0x822           0x822                 0x2             0x2  (2)
reserve_data_0x824           0x824                 0x2             0x2  (2)
reserve_data_0x826           0x826                0x2a            0x2a  (42)
.nbss                        0x850                   0            0x10  (16)
.ndata                       0x860                   0             0x2  (2)
.nbss                        0x862                   0             0x4  (4)
.data                        0x866                   0            0x36  (54)
.bss                         0x89c                   0             0x2  (2)

                 Total "data" memory used (bytes):           0x9e  (158) 10%


Dynamic Memory Usage

region                     address                      maximum length  (dec)
------                     -------                      ---------------------
heap                             0                                   0  (0)
stack                        0x89e                               0x562  (1378)

                 Maximum dynamic memory (bytes):          0x562  (1378)

Info: Project is using a large data memory model when small data memory model is sufficient.


External Symbols in Data Memory (by address):

                    0x0850                  _PB1_event
                    0x0852                  _PB2_event
                    0x0854                  _PB3_event
                    0x0856                  _PB_event
                    0x0858                  _disp_enable
                    0x085a                  _state
                    0x085c                  _min
                    0x085e                  _sec
                    0x0860                  _state_str
                    0x0862                  _clkval
                    0x089c                  ___errno_val

External Symbols in Data Memory (by name):

                    0x0850                  _PB1_event
                    0x0852                  _PB2_event
                    0x0854                  _PB3_event
                    0x0856                  _PB_event
                    0x089c                  ___errno_val
                    0x0862                  _clkval
                    0x0858                  _disp_enable
                    0x085c                  _min
                    0x085e                  _sec
                    0x085a                  _state
                    0x0860                  _state_str

External Symbols in Program Memory (by address):

                  0x000200                  __resetPRI
                  0x00023c                  __psv_init
                  0x000252                  __data_init
                  0x000252                  __data_init_standard
                  0x0002c8                  __T2Interrupt
                  0x0002de                  __T3Interrupt
                  0x000322                  __CNInterrupt
                  0x00036c                  __U2RXInterrupt
                  0x000374                  __U2TXInterrupt
                  0x00037c                  __DefaultInterrupt
                  0x000382                  ___fixunssfsi
                  0x0003b8                  ___floatsisf
                  0x0003be                  ___floatunsisf
                  0x0003c2                  __funpack
                  0x0003ec                  ___divsf3x
                  0x0003ec                  ___divsf3
                  0x00057e                  __sdivf
                  0x0005aa                  ___mulsf3
                  0x0005aa                  ___mulsf3x
                  0x0006b6                  __dnrmpackf
                  0x00070a                  __unpackdnrmf
                  0x000768                  __typef
                  0x00079c                  __propnanf
                  0x0007ae                  __spackf
                  0x000854                  __unpackf
                  0x0008ba                  ___floatdisf
                  0x0008da                  ___floatundisf
                  0x000938                  __fpack
                  0x000984                  _powf
                  0x001144                  _scalbnf
                  0x001198                  _sqrtf
                  0x0012ac                  _fabsf
                  0x0012c2                  ___sio_snprintf_dosux
                  0x0012d0                  _strlen
                  0x001300                  ___fmt_d
                  0x0013b2                  ___fmt_o
                  0x00141c                  ___fmt_s
                  0x001470                  ___cvt_u
                  0x001516                  ___fmt_u
                  0x001568                  ___fmt_x
                  0x0016b2                  ___vsnprintf
                  0x0016fc                  ___pop_int
                  0x0017a4                  ___pop_ptr
                  0x00183a                  ___pad
                  0x0018b4                  ___fmt_state
                  0x001bb8                  ___printf_core
                  0x001c0c                  _atoi
                  0x001c58                  _memcpy
                  0x001c66                  _memset
                  0x001d2e                  _tolower
                  0x001d3a                  ___tolower_l
                  0x001d3c                  _toupper
                  0x001d48                  ___toupper_l
                  0x001d4a                  ___vfprintf
                  0x001d66                  ___pop_float
                  0x001da4                  ___extendsfdf2
                  0x001de2                  ___lesf2
                  0x001de2                  ___eqsf2
                  0x001de2                  ___ltsf2
                  0x001de6                  ___gtsf2
                  0x001de6                  ___gesf2
                  0x001dea                  ___mulp32eds3
                  0x001dea                  ___mulp32peds3
                  0x001dea                  ___mulsi3
                  0x001df6                  ___subsf3
                  0x001df6                  ___subsf3x
                  0x001e08                  ___addsf3
                  0x001e08                  ___addsf3x
                  0x00201e                  ___udivmoddi3
                  0x002104                  ___udivdi3
                  0x002112                  ___umoddi3
                  0x00211a                  ___divdi3
                  0x00217a                  ___moddi3
                  0x0021d6                  __fcompare
                  0x00220c                  __funpack2
                  0x002272                  _InitUART2
                  0x0022da                  _XmitUART2
                  0x002312                  _Disp2Hex
                  0x002370                  _Disp2Hex32
                  0x0023e6                  _Disp2Dec
                  0x002446                  _Disp2String
                  0x002468                  _main
                  0x002594                  _IOinit
                  0x0025c0                  _IOcheck
                  0x002640                  _newClk
                  0x002700                  _delay_ms
                  0xf80000                  __FBS.sec
                  0xf80004                  __FGS.sec

External Symbols in Program Memory (by name):

                  0x0023e6                  _Disp2Dec
                  0x002312                  _Disp2Hex
                  0x002370                  _Disp2Hex32
                  0x002446                  _Disp2String
                  0x0025c0                  _IOcheck
                  0x002594                  _IOinit
                  0x002272                  _InitUART2
                  0x0022da                  _XmitUART2
                  0x000322                  __CNInterrupt
                  0x00037c                  __DefaultInterrupt
                  0xf80000                  __FBS.sec
                  0xf80004                  __FGS.sec
                  0x0002c8                  __T2Interrupt
                  0x0002de                  __T3Interrupt
                  0x00036c                  __U2RXInterrupt
                  0x000374                  __U2TXInterrupt
                  0x001e08                  ___addsf3
                  0x001e08                  ___addsf3x
                  0x001470                  ___cvt_u
                  0x00211a                  ___divdi3
                  0x0003ec                  ___divsf3
                  0x0003ec                  ___divsf3x
                  0x001de2                  ___eqsf2
                  0x001da4                  ___extendsfdf2
                  0x000382                  ___fixunssfsi
                  0x0008ba                  ___floatdisf
                  0x0003b8                  ___floatsisf
                  0x0008da                  ___floatundisf
                  0x0003be                  ___floatunsisf
                  0x001300                  ___fmt_d
                  0x0013b2                  ___fmt_o
                  0x00141c                  ___fmt_s
                  0x0018b4                  ___fmt_state
                  0x001516                  ___fmt_u
                  0x001568                  ___fmt_x
                  0x001de6                  ___gesf2
                  0x001de6                  ___gtsf2
                  0x001de2                  ___lesf2
                  0x001de2                  ___ltsf2
                  0x00217a                  ___moddi3
                  0x001dea                  ___mulp32eds3
                  0x001dea                  ___mulp32peds3
                  0x0005aa                  ___mulsf3
                  0x0005aa                  ___mulsf3x
                  0x001dea                  ___mulsi3
                  0x00183a                  ___pad
                  0x001d66                  ___pop_float
                  0x0016fc                  ___pop_int
                  0x0017a4                  ___pop_ptr
                  0x001bb8                  ___printf_core
                  0x0012c2                  ___sio_snprintf_dosux
                  0x001df6                  ___subsf3
                  0x001df6                  ___subsf3x
                  0x001d3a                  ___tolower_l
                  0x001d48                  ___toupper_l
                  0x002104                  ___udivdi3
                  0x00201e                  ___udivmoddi3
                  0x002112                  ___umoddi3
                  0x001d4a                  ___vfprintf
                  0x0016b2                  ___vsnprintf
                  0x000252                  __data_init
                  0x000252                  __data_init_standard
                  0x0006b6                  __dnrmpackf
                  0x0021d6                  __fcompare
                  0x000938                  __fpack
                  0x0003c2                  __funpack
                  0x00220c                  __funpack2
                  0x00079c                  __propnanf
                  0x00023c                  __psv_init
                  0x000200                  __resetPRI
                  0x00057e                  __sdivf
                  0x0007ae                  __spackf
                  0x000768                  __typef
                  0x00070a                  __unpackdnrmf
                  0x000854                  __unpackf
                  0x001c0c                  _atoi
                  0x002700                  _delay_ms
                  0x0012ac                  _fabsf
                  0x002468                  _main
                  0x001c58                  _memcpy
                  0x001c66                  _memset
                  0x002640                  _newClk
                  0x000984                  _powf
                  0x001144                  _scalbnf
                  0x001198                  _sqrtf
                  0x0012d0                  _strlen
                  0x001d2e                  _tolower
                  0x001d3c                  _toupper

Memory Configuration

Name             Origin             Length             Attributes
data             0x000800           0x000600           a !xr
reset            0x000000           0x000004  
ivt              0x000004           0x0000fc  
_reserved        0x000100           0x000004  
aivt             0x000104           0x0000fc  
program          0x000200           0x002a00           xr
eedata           0x7ffe00           0x000200  
FBS              0xf80000           0x000002  
FGS              0xf80004           0x000002  
FOSCSEL          0xf80006           0x000002  
FOSC             0xf80008           0x000002  
FWDT             0xf8000a           0x000002  
FPOR             0xf8000c           0x000002  
FICD             0xf8000e           0x000002  
FDS              0xf80010           0x000002  
*default*        0x000000           0xffffffffffffffff  

Linker script and memory map


reserve_data_0x800
                    0x0800         0x20
                    0x0820                  . = 0x20
 *fill*             0x0800         0x2000

reserve_data_0x820
                    0x0820          0x2
                    0x0822                  . = 0x2
 *fill*             0x0820          0x200

reserve_data_0x822
                    0x0822          0x2
                    0x0824                  . = 0x2
 *fill*             0x0822          0x200

reserve_data_0x824
                    0x0824          0x2
                    0x0826                  . = 0x2
 *fill*             0x0824          0x200

reserve_data_0x826
                    0x0826         0x2a
                    0x0850                  . = 0x2a
 *fill*             0x0826         0x2a00
LOAD build/default/debug/project1_main.o
LOAD build/default/debug/UART2.o
LOAD build/default/debug/clkChange.o
LOAD build/default/debug/IOs.o
LOAD build/default/debug/TimeDelay.o
                    0x0001                  __MPLAB_BUILD = 0x1
                    0x0001                  __MPLAB_DEBUG = 0x1
                    0x0001                  __DEBUG = 0x1
LOAD pPIC24Fxxx
LOAD /opt/microchip/xc16/v2.10/bin/bin/../../lib/libfx-elf.a
                    0xf80000                  __FBS = 0xf80000
                    0xf80004                  __FGS = 0xf80004
                    0xf80006                  __FOSCSEL = 0xf80006
                    0xf80008                  __FOSC = 0xf80008
                    0xf8000a                  __FWDT = 0xf8000a
                    0xf8000c                  __FPOR = 0xf8000c
                    0xf8000e                  __FICD = 0xf8000e
                    0xf80010                  __FDS = 0xf80010
                    0x0001                  __NO_HANDLES = 0x1
                    0x0200                  __CODE_BASE = 0x200
                    0x2a00                  __CODE_LENGTH = 0x2a00
                    0x0004                  __IVT_BASE = 0x4
                    0x0104                  __AIVT_BASE = 0x104
                    0x0800                  __DATA_BASE = 0x800
                    0x0600                  __DATA_LENGTH = 0x600
                    0x7ffe00                  __EEDATA_BASE = 0x7ffe00
                    0x0200                  __EEDATA_LENGTH = 0x200

.reset            0x000000          0x4
                  0x000000          0x2 SHORT 0x200 ABSOLUTE (__reset)
                  0x000001          0x2 SHORT 0x4
                  0x000002          0x2 SHORT 0x0 ((ABSOLUTE (__reset) >> 0x10) & 0x7f)
                  0x000003          0x2 SHORT 0x0

.text             0x000200       0x201c
 *(.init)
 .init            0x000200         0x4c /opt/microchip/xc16/v2.10/bin/bin/../../lib/libc99-pic30-elf.a(crt0_standard.o)
                  0x000200                  __reset
                  0x000200                  __resetPRI
                  0x00023c                  __psv_init
 .init            0x00024c         0x7c /opt/microchip/xc16/v2.10/bin/bin/../../lib/libc99-pic30-elf.a(data_init_standard.o)
                  0x000252                  __data_init
                  0x000252                  __data_init_standard
 *(.user_init)
 *(.handle)
 *(.isr*)
 .isr.text        0x0002c8         0xa4 build/default/debug/project1_main.o
                  0x0002c8                  __T2Interrupt
                  0x0002de                  __T3Interrupt
                  0x000322                  __CNInterrupt
 .isr.text        0x00036c         0x10 build/default/debug/UART2.o
                  0x00036c                  __U2RXInterrupt
                  0x000374                  __U2TXInterrupt
 .isr             0x00037c          0x4 default_isr
                  0x00037c                  __DefaultInterrupt
 *(.libc)
 *(.libm)
 *(.libdsp)
 *(.lib*)
 .libpic30_crt_start_mode
                  0x000380          0x2 /opt/microchip/xc16/v2.10/bin/bin/../../lib/libc99-pic30-elf.a(crt_start_mode_normal.Meo)
                  0x000380                  __crt_start_mode_normal
                  0x000380                  __crt_start_mode
 .libm.fixunssfsi
                  0x000382         0x36 /opt/microchip/xc16/v2.10/bin/bin/../../lib/libc99-pic30-elf.a(fixunssfsi.XX_o)
                  0x000382                  ___fixunssfsi
 .libm.floatsisf
                  0x0003b8          0x6 /opt/microchip/xc16/v2.10/bin/bin/../../lib/libc99-pic30-elf.a(floatsisf.XX_o)
                  0x0003b8                  ___floatsisf
 .libm.floatunsisf
                  0x0003be          0x4 /opt/microchip/xc16/v2.10/bin/bin/../../lib/libc99-pic30-elf.a(floatunsisf.XX_o)
                  0x0003be                  ___floatunsisf
 .libm.funpack    0x0003c2         0x2a /opt/microchip/xc16/v2.10/bin/bin/../../lib/libc99-pic30-elf.a(funpack.XX_o)
                  0x0003c2                  __funpack
 .libmx           0x0003ec        0x1be /opt/microchip/xc16/v2.10/bin/bin/../../lib/libc99-pic30-elf.a(divsf3x.XX_o)
                  0x0003ec                  ___divsf3x
                  0x0003ec                  ___divsf3
                  0x00057e                  __sdivf
 .libmx           0x0005aa        0x10c /opt/microchip/xc16/v2.10/bin/bin/../../lib/libc99-pic30-elf.a(mulsf3x.XX_o)
                  0x0005aa                  ___mulsf3
                  0x0005aa                  ___mulsf3x
 .libmx           0x0006b6         0x54 /opt/microchip/xc16/v2.10/bin/bin/../../lib/libc99-pic30-elf.a(dnrmpackfx.XX_o)
                  0x0006b6                  __dnrmpackf
 .libmx           0x00070a         0x5e /opt/microchip/xc16/v2.10/bin/bin/../../lib/libc99-pic30-elf.a(unpackdnrmfx.XX_o)
                  0x00070a                  __unpackdnrmf
 .libmx           0x000768         0x34 /opt/microchip/xc16/v2.10/bin/bin/../../lib/libc99-pic30-elf.a(typefx.XX_o)
                  0x000768                  __typef
 .libmx           0x00079c         0x12 /opt/microchip/xc16/v2.10/bin/bin/../../lib/libc99-pic30-elf.a(propnanfx.XX_o)
                  0x00079c                  __propnanf
 .libmx           0x0007ae         0xa6 /opt/microchip/xc16/v2.10/bin/bin/../../lib/libc99-pic30-elf.a(spackfx.XX_o)
                  0x0007ae                  __spackf
 .libmx           0x000854         0x66 /opt/microchip/xc16/v2.10/bin/bin/../../lib/libc99-pic30-elf.a(unpackfx.XX_o)
                  0x000854                  __unpackf
 .libm.floatdisf
                  0x0008ba         0x20 /opt/microchip/xc16/v2.10/bin/bin/../../lib/libc99-pic30-elf.a(floatdisf.XX_o)
                  0x0008ba                  ___floatdisf
 .libm.floatundisf
                  0x0008da         0x5e /opt/microchip/xc16/v2.10/bin/bin/../../lib/libc99-pic30-elf.a(floatundisf.XX_o)
                  0x0008da                  ___floatundisf
 .libm.fpack      0x000938         0x4c /opt/microchip/xc16/v2.10/bin/bin/../../lib/libc99-pic30-elf.a(fpack.XX_o)
                  0x000938                  __fpack
 .libc.powf       0x000984        0x7c0 /opt/microchip/xc16/v2.10/bin/bin/../../lib/libm-elf.a(powf.XX_o)
                  0x000984                  _powf
 .libc.scalbnf    0x001144         0x54 /opt/microchip/xc16/v2.10/bin/bin/../../lib/libm-elf.a(scalbnf.XX_o)
                  0x001144                  _scalbnf
 .libc.sqrtf      0x001198        0x114 /opt/microchip/xc16/v2.10/bin/bin/../../lib/libm-elf.a(sqrtf.XX_o)
                  0x001198                  _sqrtf
 .libc.fabsf      0x0012ac          0xa /opt/microchip/xc16/v2.10/bin/bin/../../lib/libm-elf.a(fabsf.XX_o)
                  0x0012ac                  _fabsf
 .libc.__wrap_snprintf
                  0x0012b6          0xc /opt/microchip/xc16/v2.10/bin/bin/../../lib/libc99-elf.a(__sio_snprintf_dosux.XX_o)
                  0x0012b6                  __snprintf_cdnopsuxX
                  0x0012b6                  __dsnprintf_cdnopsuxX
 .libc.__sio_snprintf_dosux
                  0x0012c2          0xe /opt/microchip/xc16/v2.10/bin/bin/../../lib/libc99-elf.a(__sio_snprintf_dosux.XX_o)
                  0x0012c2                  ___sio_snprintf_dosux
 .libc.strlen     0x0012d0         0x30 /opt/microchip/xc16/v2.10/bin/bin/../../lib/libc99-elf.a(strlen.XX_o)
                  0x0012d0                  _strlen
 .libc.__fmt_d    0x001300         0xb2 /opt/microchip/xc16/v2.10/bin/bin/../../lib/libc99-elf.a(__fmt_d.XX_o)
                  0x001300                  ___fmt_d_needed
                  0x001300                  ___fmt_d
 .libc.__fmt_o    0x0013b2         0x6a /opt/microchip/xc16/v2.10/bin/bin/../../lib/libc99-elf.a(__fmt_o.XX_o)
                  0x0013b2                  ___fmt_o_needed
                  0x0013b2                  ___fmt_o
 .libc.__fmt_s    0x00141c         0x54 /opt/microchip/xc16/v2.10/bin/bin/../../lib/libc99-elf.a(__fmt_s.XX_o)
                  0x00141c                  ___fmt_s
                  0x00141c                  ___fmt_0_needed
                  0x00141c                  ___fmt_s_needed
 .libc.__cvt_u    0x001470         0xa6 /opt/microchip/xc16/v2.10/bin/bin/../../lib/libc99-elf.a(__fmt_u.XX_o)
                  0x001470                  ___cvt_u
 .libc.__fmt_u    0x001516         0x52 /opt/microchip/xc16/v2.10/bin/bin/../../lib/libc99-elf.a(__fmt_u.XX_o)
                  0x001516                  ___fmt_u_needed
                  0x001516                  ___fmt_u
 .libc.__fmt_x    0x001568        0x14a /opt/microchip/xc16/v2.10/bin/bin/../../lib/libc99-elf.a(__fmt_x.XX_o)
                  0x001568                  ___fmt_x
                  0x001568                  ___fmt_x_needed
 .libc.__vsnprintf
                  0x0016b2         0x4a /opt/microchip/xc16/v2.10/bin/bin/../../lib/libc99-elf.a(__int_vsnprintf.XX_o)
                  0x0016b2                  ___vsnprintf
 .libc.__pop_int
                  0x0016fc         0xa8 /opt/microchip/xc16/v2.10/bin/bin/../../lib/libc99-elf.a(__pop_int.XX_o)
                  0x0016fc                  ___pop_int_needed
                  0x0016fc                  ___pop_int
 .libc.__pop_ptr
                  0x0017a4         0x70 /opt/microchip/xc16/v2.10/bin/bin/../../lib/libc99-elf.a(__pop_ptr.XX_o)
                  0x0017a4                  ___pop_ptr
                  0x0017a4                  ___pop_ptr_needed
 .libc.__string_out
                  0x001814         0x26 /opt/microchip/xc16/v2.10/bin/bin/../../lib/libc99-elf.a(__printf_core.XX_o)
                  0x001814                  ___out
 .libc.__pad      0x00183a         0x74 /opt/microchip/xc16/v2.10/bin/bin/../../lib/libc99-elf.a(__printf_core.XX_o)
                  0x00183a                  ___pad
 .libc.__dummy_fmt3
                  0x0018ae          0x2 /opt/microchip/xc16/v2.10/bin/bin/../../lib/libc99-elf.a(__printf_core.XX_o)
 .libc.__dummy_fmt4
                  0x0018b0          0x2 /opt/microchip/xc16/v2.10/bin/bin/../../lib/libc99-elf.a(__printf_core.XX_o)
                  0x0018b0                  ___fmt_a
                  0x0018b0                  ___fmt_fp
 .libc.__dummy_fmts
                  0x0018b2          0x2 /opt/microchip/xc16/v2.10/bin/bin/../../lib/libc99-elf.a(__printf_core.XX_o)
 .libc.__fmt_state
                  0x0018b4         0x2c /opt/microchip/xc16/v2.10/bin/bin/../../lib/libc99-elf.a(__printf_core.XX_o)
                  0x0018b4                  ___fmt_state
 .libc.vfpfcnvrt.clone.0
                  0x0018e0        0x2d8 /opt/microchip/xc16/v2.10/bin/bin/../../lib/libc99-elf.a(__printf_core.XX_o)
 .libc.__printf_core
                  0x001bb8         0x40 /opt/microchip/xc16/v2.10/bin/bin/../../lib/libc99-elf.a(__printf_core.XX_o)
                  0x001bb8                  ___printf_core
 .libc.__isspace
                  0x001bf8         0x14 /opt/microchip/xc16/v2.10/bin/bin/../../lib/libc99-elf.a(atoi.XX_o)
 .libc.atoi       0x001c0c         0x4c /opt/microchip/xc16/v2.10/bin/bin/../../lib/libc99-elf.a(atoi.XX_o)
                  0x001c0c                  _atoi
 .libc.memcpy     0x001c58          0xe /opt/microchip/xc16/v2.10/bin/bin/../../lib/libc99-elf.a(memcpy.XX_o)
                  0x001c58                  _memcpy
 .libc.memset     0x001c66         0xc8 /opt/microchip/xc16/v2.10/bin/bin/../../lib/libc99-elf.a(memset.XX_o)
                  0x001c66                  _memset
 .libc.tolower    0x001d2e          0xc /opt/microchip/xc16/v2.10/bin/bin/../../lib/libc99-elf.a(tolower.XX_o)
                  0x001d2e                  _tolower
 .libc.__tolower_l
                  0x001d3a          0x2 /opt/microchip/xc16/v2.10/bin/bin/../../lib/libc99-elf.a(tolower.XX_o)
                  0x001d3a                  _tolower_l
                  0x001d3a                  ___tolower_l
 .libc.toupper    0x001d3c          0xc /opt/microchip/xc16/v2.10/bin/bin/../../lib/libc99-elf.a(toupper.XX_o)
                  0x001d3c                  _toupper
 .libc.__toupper_l
                  0x001d48          0x2 /opt/microchip/xc16/v2.10/bin/bin/../../lib/libc99-elf.a(toupper.XX_o)
                  0x001d48                  _toupper_l
                  0x001d48                  ___toupper_l
 .libc.__vfprintf
                  0x001d4a         0x1c /opt/microchip/xc16/v2.10/bin/bin/../../lib/libc99-elf.a(__int_vfprintf.XX_o)
                  0x001d4a                  ___vfprintf
 .libc.__pop_float
                  0x001d66         0x3e /opt/microchip/xc16/v2.10/bin/bin/../../lib/libc99-elf.a(__pop_float.XX_o)
                  0x001d66                  ___pop_float_needed
                  0x001d66                  ___pop_float
 .libm.extendsfdf2
                  0x001da4         0x3e /opt/microchip/xc16/v2.10/bin/bin/../../lib/libc99-pic30-elf.a(extendsfdf.XX_o)
                  0x001da4                  ___extendsfdf2
 .libm.eqsf2      0x001de2          0x4 /opt/microchip/xc16/v2.10/bin/bin/../../lib/libc99-pic30-elf.a(feqltle.XX_o)
                  0x001de2                  ___lesf2
                  0x001de2                  ___eqsf2
                  0x001de2                  ___ltsf2
 .libm.gtsf2      0x001de6          0x4 /opt/microchip/xc16/v2.10/bin/bin/../../lib/libc99-pic30-elf.a(fgtge.XX_o)
                  0x001de6                  ___gtsf2
                  0x001de6                  ___gesf2
 .libm.mulsi3     0x001dea          0xc /opt/microchip/xc16/v2.10/bin/bin/../../lib/libc99-pic30-elf.a(mulsi3.XX_o)
                  0x001dea                  ___mulp32eds3
                  0x001dea                  ___mulp32peds3
                  0x001dea                  ___mulsi3
 .libmx           0x001df6        0x1dc /opt/microchip/xc16/v2.10/bin/bin/../../lib/libc99-pic30-elf.a(addsf3x.XX_o)
                  0x001df6                  ___subsf3
                  0x001df6                  ___subsf3x
                  0x001e08                  ___addsf3
                  0x001e08                  ___addsf3x
 .libm.__PplusBdi
                  0x001fd2         0x26 /opt/microchip/xc16/v2.10/bin/bin/../../lib/libc99-pic30-elf.a(divmoddi3.XX_o)
 .libm.__PminusBdi
                  0x001ff8         0x26 /opt/microchip/xc16/v2.10/bin/bin/../../lib/libc99-pic30-elf.a(divmoddi3.XX_o)
 .libm.__udivmoddi3
                  0x00201e         0xe6 /opt/microchip/xc16/v2.10/bin/bin/../../lib/libc99-pic30-elf.a(divmoddi3.XX_o)
                  0x00201e                  ___udivmoddi3
 .libm.__udivdi3
                  0x002104          0xe /opt/microchip/xc16/v2.10/bin/bin/../../lib/libc99-pic30-elf.a(divmoddi3.XX_o)
                  0x002104                  ___udivdi3
 .libm.__umoddi3
                  0x002112          0x8 /opt/microchip/xc16/v2.10/bin/bin/../../lib/libc99-pic30-elf.a(divmoddi3.XX_o)
                  0x002112                  ___umoddi3
 .libm.__divdi3
                  0x00211a         0x60 /opt/microchip/xc16/v2.10/bin/bin/../../lib/libc99-pic30-elf.a(divmoddi3.XX_o)
                  0x00211a                  ___divdi3
 .libm.__moddi3
                  0x00217a         0x5c /opt/microchip/xc16/v2.10/bin/bin/../../lib/libc99-pic30-elf.a(divmoddi3.XX_o)
                  0x00217a                  ___moddi3
 .libm.fcompare
                  0x0021d6         0x36 /opt/microchip/xc16/v2.10/bin/bin/../../lib/libc99-pic30-elf.a(fcompare.XX_o)
                  0x0021d6                  __fcompare
 .libm.funpack2
                  0x00220c         0x10 /opt/microchip/xc16/v2.10/bin/bin/../../lib/libc99-pic30-elf.a(funpack2.XX_o)
                  0x00220c                  __funpack2

usercode
 *(usercode)

__FBS             0xf80000          0x2
 *(__FBS.sec*)
 __FBS.sec        0xf80000          0x2 /CW/_FBS»à≈‰_
                  0xf80000                  __FBS.sec

__FGS             0xf80004          0x2
 *(__FGS.sec*)
 __FGS.sec        0xf80004          0x2 /CW/_FGSÿx≈‰_
                  0xf80004                  __FGS.sec

__FOSCSEL
 *(__FOSCSEL.sec*)

__FOSC
 *(__FOSC.sec*)

__FWDT
 *(__FWDT.sec*)

__FPOR
 *(__FPOR.sec*)

__FICD
 *(__FICD.sec*)

__FDS
 *(__FDS.sec*)

.comment
 *(.comment)

.debug_info       0x000000       0x45a5
 *(.debug_info)
 .debug_info      0x000000        0xff4 build/default/debug/project1_main.o
 .debug_info      0x000ff4        0xe71 build/default/debug/UART2.o
 .debug_info      0x001e65        0x555 build/default/debug/clkChange.o
 .debug_info      0x0023ba        0xf36 build/default/debug/IOs.o
 .debug_info      0x0032f0        0x5ee build/default/debug/TimeDelay.o
 .debug_info      0x0038de         0x90 /opt/microchip/xc16/v2.10/bin/bin/../../lib/libc99-pic30-elf.a(fixunssfsi.XX_o)
 .debug_info      0x00396e         0x8f /opt/microchip/xc16/v2.10/bin/bin/../../lib/libc99-pic30-elf.a(floatsisf.XX_o)
 .debug_info      0x0039fd         0x91 /opt/microchip/xc16/v2.10/bin/bin/../../lib/libc99-pic30-elf.a(floatunsisf.XX_o)
 .debug_info      0x003a8e         0x8d /opt/microchip/xc16/v2.10/bin/bin/../../lib/libc99-pic30-elf.a(funpack.XX_o)
 .debug_info      0x003b1b         0x9d /opt/microchip/xc16/v2.10/bin/bin/../../lib/libc99-pic30-elf.a(divsf3x.XX_o)
 .debug_info      0x003bb8         0x9d /opt/microchip/xc16/v2.10/bin/bin/../../lib/libc99-pic30-elf.a(mulsf3x.XX_o)
 .debug_info      0x003c55         0xa0 /opt/microchip/xc16/v2.10/bin/bin/../../lib/libc99-pic30-elf.a(dnrmpackfx.XX_o)
 .debug_info      0x003cf5         0xa2 /opt/microchip/xc16/v2.10/bin/bin/../../lib/libc99-pic30-elf.a(unpackdnrmfx.XX_o)
 .debug_info      0x003d97         0x9c /opt/microchip/xc16/v2.10/bin/bin/../../lib/libc99-pic30-elf.a(typefx.XX_o)
 .debug_info      0x003e33         0x9f /opt/microchip/xc16/v2.10/bin/bin/../../lib/libc99-pic30-elf.a(propnanfx.XX_o)
 .debug_info      0x003ed2         0x9d /opt/microchip/xc16/v2.10/bin/bin/../../lib/libc99-pic30-elf.a(spackfx.XX_o)
 .debug_info      0x003f6f         0x9e /opt/microchip/xc16/v2.10/bin/bin/../../lib/libc99-pic30-elf.a(unpackfx.XX_o)
 .debug_info      0x00400d         0x8f /opt/microchip/xc16/v2.10/bin/bin/../../lib/libc99-pic30-elf.a(floatdisf.XX_o)
 .debug_info      0x00409c         0x91 /opt/microchip/xc16/v2.10/bin/bin/../../lib/libc99-pic30-elf.a(floatundisf.XX_o)
 .debug_info      0x00412d         0x8b /opt/microchip/xc16/v2.10/bin/bin/../../lib/libc99-pic30-elf.a(fpack.XX_o)
 .debug_info      0x0041b8         0x90 /opt/microchip/xc16/v2.10/bin/bin/../../lib/libc99-pic30-elf.a(extendsfdf.XX_o)
 .debug_info      0x004248         0x8d /opt/microchip/xc16/v2.10/bin/bin/../../lib/libc99-pic30-elf.a(feqltle.XX_o)
 .debug_info      0x0042d5         0x8b /opt/microchip/xc16/v2.10/bin/bin/../../lib/libc99-pic30-elf.a(fgtge.XX_o)
 .debug_info      0x004360         0x8c /opt/microchip/xc16/v2.10/bin/bin/../../lib/libc99-pic30-elf.a(mulsi3.XX_o)
 .debug_info      0x0043ec         0x9d /opt/microchip/xc16/v2.10/bin/bin/../../lib/libc99-pic30-elf.a(addsf3x.XX_o)
 .debug_info      0x004489         0x8e /opt/microchip/xc16/v2.10/bin/bin/../../lib/libc99-pic30-elf.a(fcompare.XX_o)
 .debug_info      0x004517         0x8e /opt/microchip/xc16/v2.10/bin/bin/../../lib/libc99-pic30-elf.a(funpack2.XX_o)
 *(.gnu.linkonce.wi.*)

.debug_abbrev     0x000000        0x79a
 *(.debug_abbrev)
 .debug_abbrev    0x000000        0x19c build/default/debug/project1_main.o
 .debug_abbrev    0x00019c        0x114 build/default/debug/UART2.o
 .debug_abbrev    0x0002b0        0x123 build/default/debug/clkChange.o
 .debug_abbrev    0x0003d3        0x139 build/default/debug/IOs.o
 .debug_abbrev    0x00050c         0xd6 build/default/debug/TimeDelay.o
 .debug_abbrev    0x0005e2         0x14 /opt/microchip/xc16/v2.10/bin/bin/../../lib/libc99-pic30-elf.a(fixunssfsi.XX_o)
 .debug_abbrev    0x0005f6         0x14 /opt/microchip/xc16/v2.10/bin/bin/../../lib/libc99-pic30-elf.a(floatsisf.XX_o)
 .debug_abbrev    0x00060a         0x14 /opt/microchip/xc16/v2.10/bin/bin/../../lib/libc99-pic30-elf.a(floatunsisf.XX_o)
 .debug_abbrev    0x00061e         0x14 /opt/microchip/xc16/v2.10/bin/bin/../../lib/libc99-pic30-elf.a(funpack.XX_o)
 .debug_abbrev    0x000632         0x14 /opt/microchip/xc16/v2.10/bin/bin/../../lib/libc99-pic30-elf.a(divsf3x.XX_o)
 .debug_abbrev    0x000646         0x14 /opt/microchip/xc16/v2.10/bin/bin/../../lib/libc99-pic30-elf.a(mulsf3x.XX_o)
 .debug_abbrev    0x00065a         0x14 /opt/microchip/xc16/v2.10/bin/bin/../../lib/libc99-pic30-elf.a(dnrmpackfx.XX_o)
 .debug_abbrev    0x00066e         0x14 /opt/microchip/xc16/v2.10/bin/bin/../../lib/libc99-pic30-elf.a(unpackdnrmfx.XX_o)
 .debug_abbrev    0x000682         0x14 /opt/microchip/xc16/v2.10/bin/bin/../../lib/libc99-pic30-elf.a(typefx.XX_o)
 .debug_abbrev    0x000696         0x14 /opt/microchip/xc16/v2.10/bin/bin/../../lib/libc99-pic30-elf.a(propnanfx.XX_o)
 .debug_abbrev    0x0006aa         0x14 /opt/microchip/xc16/v2.10/bin/bin/../../lib/libc99-pic30-elf.a(spackfx.XX_o)
 .debug_abbrev    0x0006be         0x14 /opt/microchip/xc16/v2.10/bin/bin/../../lib/libc99-pic30-elf.a(unpackfx.XX_o)
 .debug_abbrev    0x0006d2         0x14 /opt/microchip/xc16/v2.10/bin/bin/../../lib/libc99-pic30-elf.a(floatdisf.XX_o)
 .debug_abbrev    0x0006e6         0x14 /opt/microchip/xc16/v2.10/bin/bin/../../lib/libc99-pic30-elf.a(floatundisf.XX_o)
 .debug_abbrev    0x0006fa         0x14 /opt/microchip/xc16/v2.10/bin/bin/../../lib/libc99-pic30-elf.a(fpack.XX_o)
 .debug_abbrev    0x00070e         0x14 /opt/microchip/xc16/v2.10/bin/bin/../../lib/libc99-pic30-elf.a(extendsfdf.XX_o)
 .debug_abbrev    0x000722         0x14 /opt/microchip/xc16/v2.10/bin/bin/../../lib/libc99-pic30-elf.a(feqltle.XX_o)
 .debug_abbrev    0x000736         0x14 /opt/microchip/xc16/v2.10/bin/bin/../../lib/libc99-pic30-elf.a(fgtge.XX_o)
 .debug_abbrev    0x00074a         0x14 /opt/microchip/xc16/v2.10/bin/bin/../../lib/libc99-pic30-elf.a(mulsi3.XX_o)
 .debug_abbrev    0x00075e         0x14 /opt/microchip/xc16/v2.10/bin/bin/../../lib/libc99-pic30-elf.a(addsf3x.XX_o)
 .debug_abbrev    0x000772         0x14 /opt/microchip/xc16/v2.10/bin/bin/../../lib/libc99-pic30-elf.a(fcompare.XX_o)
 .debug_abbrev    0x000786         0x14 /opt/microchip/xc16/v2.10/bin/bin/../../lib/libc99-pic30-elf.a(funpack2.XX_o)

.debug_line       0x000000        0xf66
 *(.debug_line)
 .debug_line      0x000000        0x15c build/default/debug/project1_main.o
 .debug_line      0x00015c        0x166 build/default/debug/UART2.o
 .debug_line      0x0002c2         0xff build/default/debug/clkChange.o
 .debug_line      0x0003c1        0x10f build/default/debug/IOs.o
 .debug_line      0x0004d0         0xfb build/default/debug/TimeDelay.o
 .debug_line      0x0005cb         0x53 /opt/microchip/xc16/v2.10/bin/bin/../../lib/libc99-pic30-elf.a(fixunssfsi.XX_o)
 .debug_line      0x00061e         0x3a /opt/microchip/xc16/v2.10/bin/bin/../../lib/libc99-pic30-elf.a(floatsisf.XX_o)
 .debug_line      0x000658         0x3b /opt/microchip/xc16/v2.10/bin/bin/../../lib/libc99-pic30-elf.a(floatunsisf.XX_o)
 .debug_line      0x000693         0x4a /opt/microchip/xc16/v2.10/bin/bin/../../lib/libc99-pic30-elf.a(funpack.XX_o)
 .debug_line      0x0006dd        0x124 /opt/microchip/xc16/v2.10/bin/bin/../../lib/libc99-pic30-elf.a(divsf3x.XX_o)
 .debug_line      0x000801         0xcc /opt/microchip/xc16/v2.10/bin/bin/../../lib/libc99-pic30-elf.a(mulsf3x.XX_o)
 .debug_line      0x0008cd         0x72 /opt/microchip/xc16/v2.10/bin/bin/../../lib/libc99-pic30-elf.a(dnrmpackfx.XX_o)
 .debug_line      0x00093f         0x7a /opt/microchip/xc16/v2.10/bin/bin/../../lib/libc99-pic30-elf.a(unpackdnrmfx.XX_o)
 .debug_line      0x0009b9         0x5e /opt/microchip/xc16/v2.10/bin/bin/../../lib/libc99-pic30-elf.a(typefx.XX_o)
 .debug_line      0x000a17         0x51 /opt/microchip/xc16/v2.10/bin/bin/../../lib/libc99-pic30-elf.a(propnanfx.XX_o)
 .debug_line      0x000a68         0x98 /opt/microchip/xc16/v2.10/bin/bin/../../lib/libc99-pic30-elf.a(spackfx.XX_o)
 .debug_line      0x000b00         0x79 /opt/microchip/xc16/v2.10/bin/bin/../../lib/libc99-pic30-elf.a(unpackfx.XX_o)
 .debug_line      0x000b79         0x1a /opt/microchip/xc16/v2.10/bin/bin/../../lib/libc99-pic30-elf.a(errno.XX_o)
 .debug_line      0x000b93         0x47 /opt/microchip/xc16/v2.10/bin/bin/../../lib/libc99-pic30-elf.a(floatdisf.XX_o)
 .debug_line      0x000bda         0x6c /opt/microchip/xc16/v2.10/bin/bin/../../lib/libc99-pic30-elf.a(floatundisf.XX_o)
 .debug_line      0x000c46         0x5a /opt/microchip/xc16/v2.10/bin/bin/../../lib/libc99-pic30-elf.a(fpack.XX_o)
 .debug_line      0x000ca0         0x59 /opt/microchip/xc16/v2.10/bin/bin/../../lib/libc99-pic30-elf.a(extendsfdf.XX_o)
 .debug_line      0x000cf9         0x37 /opt/microchip/xc16/v2.10/bin/bin/../../lib/libc99-pic30-elf.a(feqltle.XX_o)
 .debug_line      0x000d30         0x35 /opt/microchip/xc16/v2.10/bin/bin/../../lib/libc99-pic30-elf.a(fgtge.XX_o)
 .debug_line      0x000d65         0x3a /opt/microchip/xc16/v2.10/bin/bin/../../lib/libc99-pic30-elf.a(mulsi3.XX_o)
 .debug_line      0x000d9f        0x136 /opt/microchip/xc16/v2.10/bin/bin/../../lib/libc99-pic30-elf.a(addsf3x.XX_o)
 .debug_line      0x000ed5         0x53 /opt/microchip/xc16/v2.10/bin/bin/../../lib/libc99-pic30-elf.a(fcompare.XX_o)
 .debug_line      0x000f28         0x3e /opt/microchip/xc16/v2.10/bin/bin/../../lib/libc99-pic30-elf.a(funpack2.XX_o)

.debug_frame      0x000000        0x26e
 *(.debug_frame)
 .debug_frame     0x000000         0xde build/default/debug/project1_main.o
 .debug_frame     0x0000de         0xec build/default/debug/UART2.o
 .debug_frame     0x0001ca         0x2e build/default/debug/clkChange.o
 .debug_frame     0x0001f8         0x48 build/default/debug/IOs.o
 .debug_frame     0x000240         0x2e build/default/debug/TimeDelay.o

.debug_str        0x000000        0x1aa
 *(.debug_str)
 .debug_str       0x000000         0xa4 build/default/debug/project1_main.o
 .debug_str       0x0000a4         0x4e build/default/debug/UART2.o
 .debug_str       0x0000f2         0x16 build/default/debug/clkChange.o
 .debug_str       0x000108         0x7d build/default/debug/IOs.o
 .debug_str       0x000185         0x25 build/default/debug/TimeDelay.o

.debug_loc
 *(.debug_loc)

.debug_macinfo
 *(.debug_macinfo)

.debug_pubnames
                  0x000000        0x1ba
 *(.debug_pubnames)
 .debug_pubnames
                  0x000000         0xbd build/default/debug/project1_main.o
 .debug_pubnames
                  0x0000bd         0x98 build/default/debug/UART2.o
 .debug_pubnames
                  0x000155         0x1d build/default/debug/clkChange.o
 .debug_pubnames
                  0x000172         0x29 build/default/debug/IOs.o
 .debug_pubnames
                  0x00019b         0x1f build/default/debug/TimeDelay.o

.debug_ranges
 *(.debug_ranges)

.debug_aranges    0x000000        0x338
 *(.debug_aranges)
 .debug_aranges
                  0x000000         0x18 build/default/debug/project1_main.o
 .debug_aranges
                  0x000018         0x18 build/default/debug/UART2.o
 .debug_aranges
                  0x000030         0x18 build/default/debug/clkChange.o
 .debug_aranges
                  0x000048         0x18 build/default/debug/IOs.o
 .debug_aranges
                  0x000060         0x18 build/default/debug/TimeDelay.o
 .debug_aranges
                  0x000078         0x20 /opt/microchip/xc16/v2.10/bin/bin/../../lib/libc99-pic30-elf.a(fixunssfsi.XX_o)
 .debug_aranges
                  0x000098         0x20 /opt/microchip/xc16/v2.10/bin/bin/../../lib/libc99-pic30-elf.a(floatsisf.XX_o)
 .debug_aranges
                  0x0000b8         0x20 /opt/microchip/xc16/v2.10/bin/bin/../../lib/libc99-pic30-elf.a(floatunsisf.XX_o)
 .debug_aranges
                  0x0000d8         0x20 /opt/microchip/xc16/v2.10/bin/bin/../../lib/libc99-pic30-elf.a(funpack.XX_o)
 .debug_aranges
                  0x0000f8         0x20 /opt/microchip/xc16/v2.10/bin/bin/../../lib/libc99-pic30-elf.a(divsf3x.XX_o)
 .debug_aranges
                  0x000118         0x20 /opt/microchip/xc16/v2.10/bin/bin/../../lib/libc99-pic30-elf.a(mulsf3x.XX_o)
 .debug_aranges
                  0x000138         0x20 /opt/microchip/xc16/v2.10/bin/bin/../../lib/libc99-pic30-elf.a(dnrmpackfx.XX_o)
 .debug_aranges
                  0x000158         0x20 /opt/microchip/xc16/v2.10/bin/bin/../../lib/libc99-pic30-elf.a(unpackdnrmfx.XX_o)
 .debug_aranges
                  0x000178         0x20 /opt/microchip/xc16/v2.10/bin/bin/../../lib/libc99-pic30-elf.a(typefx.XX_o)
 .debug_aranges
                  0x000198         0x20 /opt/microchip/xc16/v2.10/bin/bin/../../lib/libc99-pic30-elf.a(propnanfx.XX_o)
 .debug_aranges
                  0x0001b8         0x20 /opt/microchip/xc16/v2.10/bin/bin/../../lib/libc99-pic30-elf.a(spackfx.XX_o)
 .debug_aranges
                  0x0001d8         0x20 /opt/microchip/xc16/v2.10/bin/bin/../../lib/libc99-pic30-elf.a(unpackfx.XX_o)
 .debug_aranges
                  0x0001f8         0x20 /opt/microchip/xc16/v2.10/bin/bin/../../lib/libc99-pic30-elf.a(floatdisf.XX_o)
 .debug_aranges
                  0x000218         0x20 /opt/microchip/xc16/v2.10/bin/bin/../../lib/libc99-pic30-elf.a(floatundisf.XX_o)
 .debug_aranges
                  0x000238         0x20 /opt/microchip/xc16/v2.10/bin/bin/../../lib/libc99-pic30-elf.a(fpack.XX_o)
 .debug_aranges
                  0x000258         0x20 /opt/microchip/xc16/v2.10/bin/bin/../../lib/libc99-pic30-elf.a(extendsfdf.XX_o)
 .debug_aranges
                  0x000278         0x20 /opt/microchip/xc16/v2.10/bin/bin/../../lib/libc99-pic30-elf.a(feqltle.XX_o)
 .debug_aranges
                  0x000298         0x20 /opt/microchip/xc16/v2.10/bin/bin/../../lib/libc99-pic30-elf.a(fgtge.XX_o)
 .debug_aranges
                  0x0002b8         0x20 /opt/microchip/xc16/v2.10/bin/bin/../../lib/libc99-pic30-elf.a(mulsi3.XX_o)
 .debug_aranges
                  0x0002d8         0x20 /opt/microchip/xc16/v2.10/bin/bin/../../lib/libc99-pic30-elf.a(addsf3x.XX_o)
 .debug_aranges
                  0x0002f8         0x20 /opt/microchip/xc16/v2.10/bin/bin/../../lib/libc99-pic30-elf.a(fcompare.XX_o)
 .debug_aranges
                  0x000318         0x20 /opt/microchip/xc16/v2.10/bin/bin/../../lib/libc99-pic30-elf.a(funpack2.XX_o)
                    0x0000                  WREG0 = 0x0
                    0x0000                  _WREG0 = 0x0
                    0x0002                  WREG1 = 0x2
                    0x0002                  _WREG1 = 0x2
                    0x0004                  WREG2 = 0x4
                    0x0004                  _WREG2 = 0x4
                    0x0006                  WREG3 = 0x6
                    0x0006                  _WREG3 = 0x6
                    0x0008                  WREG4 = 0x8
                    0x0008                  _WREG4 = 0x8
                    0x000a                  WREG5 = 0xa
                    0x000a                  _WREG5 = 0xa
                    0x000c                  WREG6 = 0xc
                    0x000c                  _WREG6 = 0xc
                    0x000e                  WREG7 = 0xe
                    0x000e                  _WREG7 = 0xe
                    0x0010                  WREG8 = 0x10
                    0x0010                  _WREG8 = 0x10
                    0x0012                  WREG9 = 0x12
                    0x0012                  _WREG9 = 0x12
                    0x0014                  WREG10 = 0x14
                    0x0014                  _WREG10 = 0x14
                    0x0016                  WREG11 = 0x16
                    0x0016                  _WREG11 = 0x16
                    0x0018                  WREG12 = 0x18
                    0x0018                  _WREG12 = 0x18
                    0x001a                  WREG13 = 0x1a
                    0x001a                  _WREG13 = 0x1a
                    0x001c                  WREG14 = 0x1c
                    0x001c                  _WREG14 = 0x1c
                    0x001e                  WREG15 = 0x1e
                    0x001e                  _WREG15 = 0x1e
                    0x0020                  SPLIM = 0x20
                    0x0020                  _SPLIM = 0x20
                    0x002e                  PCL = 0x2e
                    0x002e                  _PCL = 0x2e
                    0x0030                  PCH = 0x30
                    0x0030                  _PCH = 0x30
                    0x0032                  TBLPAG = 0x32
                    0x0032                  _TBLPAG = 0x32
                    0x0034                  PSVPAG = 0x34
                    0x0034                  _PSVPAG = 0x34
                    0x0036                  RCOUNT = 0x36
                    0x0036                  _RCOUNT = 0x36
                    0x0042                  SR = 0x42
                    0x0042                  _SR = 0x42
                    0x0042                  _SRbits = 0x42
                    0x0044                  CORCON = 0x44
                    0x0044                  _CORCON = 0x44
                    0x0044                  _CORCONbits = 0x44
                    0x0052                  DISICNT = 0x52
                    0x0052                  _DISICNT = 0x52
                    0x0060                  CNEN1 = 0x60
                    0x0060                  _CNEN1 = 0x60
                    0x0060                  _CNEN1bits = 0x60
                    0x0062                  CNEN2 = 0x62
                    0x0062                  _CNEN2 = 0x62
                    0x0062                  _CNEN2bits = 0x62
                    0x0068                  CNPU1 = 0x68
                    0x0068                  _CNPU1 = 0x68
                    0x0068                  _CNPU1bits = 0x68
                    0x006a                  CNPU2 = 0x6a
                    0x006a                  _CNPU2 = 0x6a
                    0x006a                  _CNPU2bits = 0x6a
                    0x0070                  CNPD1 = 0x70
                    0x0070                  _CNPD1 = 0x70
                    0x0070                  _CNPD1bits = 0x70
                    0x0072                  CNPD2 = 0x72
                    0x0072                  _CNPD2 = 0x72
                    0x0072                  _CNPD2bits = 0x72
                    0x0080                  INTCON1 = 0x80
                    0x0080                  _INTCON1 = 0x80
                    0x0080                  _INTCON1bits = 0x80
                    0x0082                  INTCON2 = 0x82
                    0x0082                  _INTCON2 = 0x82
                    0x0082                  _INTCON2bits = 0x82
                    0x0084                  IFS0 = 0x84
                    0x0084                  _IFS0 = 0x84
                    0x0084                  _IFS0bits = 0x84
                    0x0086                  IFS1 = 0x86
                    0x0086                  _IFS1 = 0x86
                    0x0086                  _IFS1bits = 0x86
                    0x008a                  IFS3 = 0x8a
                    0x008a                  _IFS3 = 0x8a
                    0x008a                  _IFS3bits = 0x8a
                    0x008c                  IFS4 = 0x8c
                    0x008c                  _IFS4 = 0x8c
                    0x008c                  _IFS4bits = 0x8c
                    0x0094                  IEC0 = 0x94
                    0x0094                  _IEC0 = 0x94
                    0x0094                  _IEC0bits = 0x94
                    0x0096                  IEC1 = 0x96
                    0x0096                  _IEC1 = 0x96
                    0x0096                  _IEC1bits = 0x96
                    0x009a                  IEC3 = 0x9a
                    0x009a                  _IEC3 = 0x9a
                    0x009a                  _IEC3bits = 0x9a
                    0x009c                  IEC4 = 0x9c
                    0x009c                  _IEC4 = 0x9c
                    0x009c                  _IEC4bits = 0x9c
                    0x00a4                  IPC0 = 0xa4
                    0x00a4                  _IPC0 = 0xa4
                    0x00a4                  _IPC0bits = 0xa4
                    0x00a6                  IPC1 = 0xa6
                    0x00a6                  _IPC1 = 0xa6
                    0x00a6                  _IPC1bits = 0xa6
                    0x00a8                  IPC2 = 0xa8
                    0x00a8                  _IPC2 = 0xa8
                    0x00a8                  _IPC2bits = 0xa8
                    0x00aa                  IPC3 = 0xaa
                    0x00aa                  _IPC3 = 0xaa
                    0x00aa                  _IPC3bits = 0xaa
                    0x00ac                  IPC4 = 0xac
                    0x00ac                  _IPC4 = 0xac
                    0x00ac                  _IPC4bits = 0xac
                    0x00ae                  IPC5 = 0xae
                    0x00ae                  _IPC5 = 0xae
                    0x00ae                  _IPC5bits = 0xae
                    0x00b2                  IPC7 = 0xb2
                    0x00b2                  _IPC7 = 0xb2
                    0x00b2                  _IPC7bits = 0xb2
                    0x00c2                  IPC15 = 0xc2
                    0x00c2                  _IPC15 = 0xc2
                    0x00c2                  _IPC15bits = 0xc2
                    0x00c4                  IPC16 = 0xc4
                    0x00c4                  _IPC16 = 0xc4
                    0x00c4                  _IPC16bits = 0xc4
                    0x00c8                  IPC18 = 0xc8
                    0x00c8                  _IPC18 = 0xc8
                    0x00c8                  _IPC18bits = 0xc8
                    0x00ca                  IPC19 = 0xca
                    0x00ca                  _IPC19 = 0xca
                    0x00ca                  _IPC19bits = 0xca
                    0x00e0                  INTTREG = 0xe0
                    0x00e0                  _INTTREG = 0xe0
                    0x00e0                  _INTTREGbits = 0xe0
                    0x0100                  TMR1 = 0x100
                    0x0100                  _TMR1 = 0x100
                    0x0102                  PR1 = 0x102
                    0x0102                  _PR1 = 0x102
                    0x0104                  T1CON = 0x104
                    0x0104                  _T1CON = 0x104
                    0x0104                  _T1CONbits = 0x104
                    0x0106                  TMR2 = 0x106
                    0x0106                  _TMR2 = 0x106
                    0x0108                  TMR3HLD = 0x108
                    0x0108                  _TMR3HLD = 0x108
                    0x010a                  TMR3 = 0x10a
                    0x010a                  _TMR3 = 0x10a
                    0x010c                  PR2 = 0x10c
                    0x010c                  _PR2 = 0x10c
                    0x010e                  PR3 = 0x10e
                    0x010e                  _PR3 = 0x10e
                    0x0110                  T2CON = 0x110
                    0x0110                  _T2CON = 0x110
                    0x0110                  _T2CONbits = 0x110
                    0x0112                  T3CON = 0x112
                    0x0112                  _T3CON = 0x112
                    0x0112                  _T3CONbits = 0x112
                    0x0140                  IC1BUF = 0x140
                    0x0140                  _IC1BUF = 0x140
                    0x0142                  IC1CON = 0x142
                    0x0142                  _IC1CON = 0x142
                    0x0142                  _IC1CONbits = 0x142
                    0x0180                  OC1RS = 0x180
                    0x0180                  _OC1RS = 0x180
                    0x0182                  OC1R = 0x182
                    0x0182                  _OC1R = 0x182
                    0x0184                  OC1CON = 0x184
                    0x0184                  _OC1CON = 0x184
                    0x0184                  _OC1CONbits = 0x184
                    0x0200                  I2C1RCV = 0x200
                    0x0200                  _I2C1RCV = 0x200
                    0x0202                  I2C1TRN = 0x202
                    0x0202                  _I2C1TRN = 0x202
                    0x0204                  I2C1BRG = 0x204
                    0x0204                  _I2C1BRG = 0x204
                    0x0206                  I2C1CON = 0x206
                    0x0206                  _I2C1CON = 0x206
                    0x0206                  _I2C1CONbits = 0x206
                    0x0208                  I2C1STAT = 0x208
                    0x0208                  _I2C1STAT = 0x208
                    0x0208                  _I2C1STATbits = 0x208
                    0x020a                  I2C1ADD = 0x20a
                    0x020a                  _I2C1ADD = 0x20a
                    0x020c                  I2C1MSK = 0x20c
                    0x020c                  _I2C1MSK = 0x20c
                    0x020c                  _I2C1MSKbits = 0x20c
                    0x0220                  U1MODE = 0x220
                    0x0220                  _U1MODE = 0x220
                    0x0220                  _U1MODEbits = 0x220
                    0x0222                  U1STA = 0x222
                    0x0222                  _U1STA = 0x222
                    0x0222                  _U1STAbits = 0x222
                    0x0224                  U1TXREG = 0x224
                    0x0224                  _U1TXREG = 0x224
                    0x0226                  U1RXREG = 0x226
                    0x0226                  _U1RXREG = 0x226
                    0x0228                  U1BRG = 0x228
                    0x0228                  _U1BRG = 0x228
                    0x0230                  U2MODE = 0x230
                    0x0230                  _U2MODE = 0x230
                    0x0230                  _U2MODEbits = 0x230
                    0x0232                  U2STA = 0x232
                    0x0232                  _U2STA = 0x232
                    0x0232                  _U2STAbits = 0x232
                    0x0234                  U2TXREG = 0x234
                    0x0234                  _U2TXREG = 0x234
                    0x0236                  U2RXREG = 0x236
                    0x0236                  _U2RXREG = 0x236
                    0x0238                  U2BRG = 0x238
                    0x0238                  _U2BRG = 0x238
                    0x0240                  SPI1STAT = 0x240
                    0x0240                  _SPI1STAT = 0x240
                    0x0240                  _SPI1STATbits = 0x240
                    0x0242                  SPI1CON1 = 0x242
                    0x0242                  _SPI1CON1 = 0x242
                    0x0242                  _SPI1CON1bits = 0x242
                    0x0244                  SPI1CON2 = 0x244
                    0x0244                  _SPI1CON2 = 0x244
                    0x0244                  _SPI1CON2bits = 0x244
                    0x0248                  SPI1BUF = 0x248
                    0x0248                  _SPI1BUF = 0x248
                    0x02c0                  TRISA = 0x2c0
                    0x02c0                  _TRISA = 0x2c0
                    0x02c0                  _TRISAbits = 0x2c0
                    0x02c2                  PORTA = 0x2c2
                    0x02c2                  _PORTA = 0x2c2
                    0x02c2                  _PORTAbits = 0x2c2
                    0x02c4                  LATA = 0x2c4
                    0x02c4                  _LATA = 0x2c4
                    0x02c4                  _LATAbits = 0x2c4
                    0x02c6                  ODCA = 0x2c6
                    0x02c6                  _ODCA = 0x2c6
                    0x02c6                  _ODCAbits = 0x2c6
                    0x02c8                  TRISB = 0x2c8
                    0x02c8                  _TRISB = 0x2c8
                    0x02c8                  _TRISBbits = 0x2c8
                    0x02ca                  PORTB = 0x2ca
                    0x02ca                  _PORTB = 0x2ca
                    0x02ca                  _PORTBbits = 0x2ca
                    0x02cc                  LATB = 0x2cc
                    0x02cc                  _LATB = 0x2cc
                    0x02cc                  _LATBbits = 0x2cc
                    0x02ce                  ODCB = 0x2ce
                    0x02ce                  _ODCB = 0x2ce
                    0x02ce                  _ODCBbits = 0x2ce
                    0x02fc                  PADCFG1 = 0x2fc
                    0x02fc                  _PADCFG1 = 0x2fc
                    0x02fc                  _PADCFG1bits = 0x2fc
                    0x0300                  ADC1BUF0 = 0x300
                    0x0300                  _ADC1BUF0 = 0x300
                    0x0302                  ADC1BUF1 = 0x302
                    0x0302                  _ADC1BUF1 = 0x302
                    0x0304                  ADC1BUF2 = 0x304
                    0x0304                  _ADC1BUF2 = 0x304
                    0x0306                  ADC1BUF3 = 0x306
                    0x0306                  _ADC1BUF3 = 0x306
                    0x0308                  ADC1BUF4 = 0x308
                    0x0308                  _ADC1BUF4 = 0x308
                    0x030a                  ADC1BUF5 = 0x30a
                    0x030a                  _ADC1BUF5 = 0x30a
                    0x030c                  ADC1BUF6 = 0x30c
                    0x030c                  _ADC1BUF6 = 0x30c
                    0x030e                  ADC1BUF7 = 0x30e
                    0x030e                  _ADC1BUF7 = 0x30e
                    0x0310                  ADC1BUF8 = 0x310
                    0x0310                  _ADC1BUF8 = 0x310
                    0x0312                  ADC1BUF9 = 0x312
                    0x0312                  _ADC1BUF9 = 0x312
                    0x0314                  ADC1BUFA = 0x314
                    0x0314                  _ADC1BUFA = 0x314
                    0x0316                  ADC1BUFB = 0x316
                    0x0316                  _ADC1BUFB = 0x316
                    0x0318                  ADC1BUFC = 0x318
                    0x0318                  _ADC1BUFC = 0x318
                    0x031a                  ADC1BUFD = 0x31a
                    0x031a                  _ADC1BUFD = 0x31a
                    0x031c                  ADC1BUFE = 0x31c
                    0x031c                  _ADC1BUFE = 0x31c
                    0x031e                  ADC1BUFF = 0x31e
                    0x031e                  _ADC1BUFF = 0x31e
                    0x0320                  AD1CON1 = 0x320
                    0x0320                  _AD1CON1 = 0x320
                    0x0320                  _AD1CON1bits = 0x320
                    0x0322                  AD1CON2 = 0x322
                    0x0322                  _AD1CON2 = 0x322
                    0x0322                  _AD1CON2bits = 0x322
                    0x0324                  AD1CON3 = 0x324
                    0x0324                  _AD1CON3 = 0x324
                    0x0324                  _AD1CON3bits = 0x324
                    0x0328                  AD1CHS = 0x328
                    0x0328                  _AD1CHS = 0x328
                    0x0328                  _AD1CHSbits = 0x328
                    0x032c                  AD1PCFG = 0x32c
                    0x032c                  _AD1PCFG = 0x32c
                    0x032c                  _AD1PCFGbits = 0x32c
                    0x0330                  AD1CSSL = 0x330
                    0x0330                  _AD1CSSL = 0x330
                    0x0330                  _AD1CSSLbits = 0x330
                    0x033c                  CTMUCON = 0x33c
                    0x033c                  _CTMUCON = 0x33c
                    0x033c                  _CTMUCONbits = 0x33c
                    0x033e                  CTMUICON = 0x33e
                    0x033e                  _CTMUICON = 0x33e
                    0x033e                  _CTMUICONbits = 0x33e
                    0x0620                  ALRMVAL = 0x620
                    0x0620                  _ALRMVAL = 0x620
                    0x0622                  ALCFGRPT = 0x622
                    0x0622                  _ALCFGRPT = 0x622
                    0x0622                  _ALCFGRPTbits = 0x622
                    0x0624                  RTCVAL = 0x624
                    0x0624                  _RTCVAL = 0x624
                    0x0626                  RCFGCAL = 0x626
                    0x0626                  _RCFGCAL = 0x626
                    0x0626                  _RCFGCALbits = 0x626
                    0x0630                  CMSTAT = 0x630
                    0x0630                  _CMSTAT = 0x630
                    0x0630                  _CMSTATbits = 0x630
                    0x0632                  CVRCON = 0x632
                    0x0632                  _CVRCON = 0x632
                    0x0632                  _CVRCONbits = 0x632
                    0x0634                  CM1CON = 0x634
                    0x0634                  _CM1CON = 0x634
                    0x0634                  _CM1CONbits = 0x634
                    0x0636                  CM2CON = 0x636
                    0x0636                  _CM2CON = 0x636
                    0x0636                  _CM2CONbits = 0x636
                    0x0640                  CRCCON = 0x640
                    0x0640                  _CRCCON = 0x640
                    0x0640                  _CRCCONbits = 0x640
                    0x0642                  CRCXOR = 0x642
                    0x0642                  _CRCXOR = 0x642
                    0x0644                  CRCDAT = 0x644
                    0x0644                  _CRCDAT = 0x644
                    0x0646                  CRCWDAT = 0x646
                    0x0646                  _CRCWDAT = 0x646
                    0x0740                  RCON = 0x740
                    0x0740                  _RCON = 0x740
                    0x0740                  _RCONbits = 0x740
                    0x0742                  OSCCON = 0x742
                    0x0742                  _OSCCON = 0x742
                    0x0742                  _OSCCONbits = 0x742
                    0x0742                  OSCCONL = 0x742
                    0x0742                  _OSCCONL = 0x742
                    0x0743                  OSCCONH = 0x743
                    0x0743                  _OSCCONH = 0x743
                    0x0744                  CLKDIV = 0x744
                    0x0744                  _CLKDIV = 0x744
                    0x0744                  _CLKDIVbits = 0x744
                    0x0748                  OSCTUN = 0x748
                    0x0748                  _OSCTUN = 0x748
                    0x0748                  _OSCTUNbits = 0x748
                    0x074e                  REFOCON = 0x74e
                    0x074e                  _REFOCON = 0x74e
                    0x074e                  _REFOCONbits = 0x74e
                    0x0756                  HLVDCON = 0x756
                    0x0756                  _HLVDCON = 0x756
                    0x0756                  _HLVDCONbits = 0x756
                    0x0758                  DSCON = 0x758
                    0x0758                  _DSCON = 0x758
                    0x0758                  _DSCONbits = 0x758
                    0x075a                  DSWAKE = 0x75a
                    0x075a                  _DSWAKE = 0x75a
                    0x075a                  _DSWAKEbits = 0x75a
                    0x075a                  DSWSRC = 0x75a
                    0x075a                  _DSWSRC = 0x75a
                    0x075a                  _DSWSRCbits = 0x75a
                    0x075c                  DSGPR0 = 0x75c
                    0x075c                  _DSGPR0 = 0x75c
                    0x075e                  DSGPR1 = 0x75e
                    0x075e                  _DSGPR1 = 0x75e
                    0x0760                  NVMCON = 0x760
                    0x0760                  _NVMCON = 0x760
                    0x0760                  _NVMCONbits = 0x760
                    0x0766                  NVMKEY = 0x766
                    0x0766                  _NVMKEY = 0x766
                    0x0766                  _NVMKEYbits = 0x766
                    0x0770                  PMD1 = 0x770
                    0x0770                  _PMD1 = 0x770
                    0x0770                  _PMD1bits = 0x770
                    0x0772                  PMD2 = 0x772
                    0x0772                  _PMD2 = 0x772
                    0x0772                  _PMD2bits = 0x772
                    0x0774                  PMD3 = 0x774
                    0x0774                  _PMD3 = 0x774
                    0x0774                  _PMD3bits = 0x774
                    0x0776                  PMD4 = 0x776
                    0x0776                  _PMD4 = 0x776
                    0x0776                  _PMD4bits = 0x776
                    0x0140                  IC1 = 0x140
                    0x0140                  _IC1 = 0x140
                    0x0180                  OC1 = 0x180
                    0x0180                  _OC1 = 0x180
                    0x0240                  SPI1 = 0x240
                    0x0240                  _SPI1 = 0x240
                    0x0220                  UART1 = 0x220
                    0x0220                  _UART1 = 0x220
                    0x0230                  UART2 = 0x230
                    0x0230                  _UART2 = 0x230
START GROUP
LOAD /opt/microchip/xc16/v2.10/bin/bin/../../lib/libc99-pic30-elf.a
LOAD /opt/microchip/xc16/v2.10/bin/bin/../../lib/libm-elf.a
LOAD /opt/microchip/xc16/v2.10/bin/bin/../../lib/libc99-elf.a
END GROUP
OUTPUT(dist/default/debug/project1.X.debug.elf elf32-pic30)
LOAD /CW/_FGSÿx≈‰_
LOAD /CW/_FBS»à≈‰_
LOAD default_isr
LOAD data_init

.debug_pubtypes
                  0x000338        0x52f
 .debug_pubtypes
                  0x000338        0x16a build/default/debug/project1_main.o
 .debug_pubtypes
                  0x0004a2        0x11f build/default/debug/UART2.o
 .debug_pubtypes
                  0x0005c1         0x86 build/default/debug/clkChange.o
 .debug_pubtypes
                  0x000647        0x18b build/default/debug/IOs.o
 .debug_pubtypes
                  0x0007d2         0x95 build/default/debug/TimeDelay.o

__c30_signature
                  0x000867        0x10e
 __c30_signature
                  0x000867          0x6 build/default/debug/project1_main.o
 __c30_signature
                  0x00086d          0x6 build/default/debug/UART2.o
 __c30_signature
                  0x000873          0x6 build/default/debug/clkChange.o
 __c30_signature
                  0x000879          0x6 build/default/debug/IOs.o
 __c30_signature
                  0x00087f          0x6 build/default/debug/TimeDelay.o
 __c30_signature
                  0x000885          0x6 /opt/microchip/xc16/v2.10/bin/bin/../../lib/libc99-pic30-elf.a(crt0_standard.o)
 __c30_signature
                  0x00088b          0x6 /opt/microchip/xc16/v2.10/bin/bin/../../lib/libc99-pic30-elf.a(data_init_standard.o)
 __c30_signature
                  0x000891          0x6 /opt/microchip/xc16/v2.10/bin/bin/../../lib/libc99-pic30-elf.a(fixunssfsi.XX_o)
 __c30_signature
                  0x000897          0x6 /opt/microchip/xc16/v2.10/bin/bin/../../lib/libc99-pic30-elf.a(floatsisf.XX_o)
 __c30_signature
                  0x00089d          0x6 /opt/microchip/xc16/v2.10/bin/bin/../../lib/libc99-pic30-elf.a(floatunsisf.XX_o)
 __c30_signature
                  0x0008a3          0x6 /opt/microchip/xc16/v2.10/bin/bin/../../lib/libc99-pic30-elf.a(funpack.XX_o)
 __c30_signature
                  0x0008a9          0x6 /opt/microchip/xc16/v2.10/bin/bin/../../lib/libc99-pic30-elf.a(errno.XX_o)
 __c30_signature
                  0x0008af          0x6 /opt/microchip/xc16/v2.10/bin/bin/../../lib/libc99-pic30-elf.a(floatdisf.XX_o)
 __c30_signature
                  0x0008b5          0x6 /opt/microchip/xc16/v2.10/bin/bin/../../lib/libc99-pic30-elf.a(floatundisf.XX_o)
 __c30_signature
                  0x0008bb          0x6 /opt/microchip/xc16/v2.10/bin/bin/../../lib/libc99-pic30-elf.a(fpack.XX_o)
 __c30_signature
                  0x0008c1          0x6 /opt/microchip/xc16/v2.10/bin/bin/../../lib/libm-elf.a(powf.XX_o)
 __c30_signature
                  0x0008c7          0x6 /opt/microchip/xc16/v2.10/bin/bin/../../lib/libm-elf.a(scalbnf.XX_o)
 __c30_signature
                  0x0008cd          0x6 /opt/microchip/xc16/v2.10/bin/bin/../../lib/libm-elf.a(sqrtf.XX_o)
 __c30_signature
                  0x0008d3          0x6 /opt/microchip/xc16/v2.10/bin/bin/../../lib/libm-elf.a(fabsf.XX_o)
 __c30_signature
                  0x0008d9          0x6 /opt/microchip/xc16/v2.10/bin/bin/../../lib/libc99-elf.a(__errno_location.XX_o)
 __c30_signature
                  0x0008df          0x6 /opt/microchip/xc16/v2.10/bin/bin/../../lib/libc99-elf.a(__sio_snprintf_dosux.XX_o)
 __c30_signature
                  0x0008e5          0x6 /opt/microchip/xc16/v2.10/bin/bin/../../lib/libc99-elf.a(strlen.XX_o)
 __c30_signature
                  0x0008eb          0x6 /opt/microchip/xc16/v2.10/bin/bin/../../lib/libc99-elf.a(__fmt_d.XX_o)
 __c30_signature
                  0x0008f1          0x6 /opt/microchip/xc16/v2.10/bin/bin/../../lib/libc99-elf.a(__fmt_o.XX_o)
 __c30_signature
                  0x0008f7          0x6 /opt/microchip/xc16/v2.10/bin/bin/../../lib/libc99-elf.a(__fmt_s.XX_o)
 __c30_signature
                  0x0008fd          0x6 /opt/microchip/xc16/v2.10/bin/bin/../../lib/libc99-elf.a(__fmt_u.XX_o)
 __c30_signature
                  0x000903          0x6 /opt/microchip/xc16/v2.10/bin/bin/../../lib/libc99-elf.a(__fmt_x.XX_o)
 __c30_signature
                  0x000909          0x6 /opt/microchip/xc16/v2.10/bin/bin/../../lib/libc99-elf.a(__int_vsnprintf.XX_o)
 __c30_signature
                  0x00090f          0x6 /opt/microchip/xc16/v2.10/bin/bin/../../lib/libc99-elf.a(__pop_int.XX_o)
 __c30_signature
                  0x000915          0x6 /opt/microchip/xc16/v2.10/bin/bin/../../lib/libc99-elf.a(__pop_ptr.XX_o)
 __c30_signature
                  0x00091b          0x6 /opt/microchip/xc16/v2.10/bin/bin/../../lib/libc99-elf.a(__printf_core.XX_o)
 __c30_signature
                  0x000921          0x6 /opt/microchip/xc16/v2.10/bin/bin/../../lib/libc99-elf.a(atoi.XX_o)
 __c30_signature
                  0x000927          0x6 /opt/microchip/xc16/v2.10/bin/bin/../../lib/libc99-elf.a(memcpy.XX_o)
 __c30_signature
                  0x00092d          0x6 /opt/microchip/xc16/v2.10/bin/bin/../../lib/libc99-elf.a(memset.XX_o)
 __c30_signature
                  0x000933          0x6 /opt/microchip/xc16/v2.10/bin/bin/../../lib/libc99-elf.a(tolower.XX_o)
 __c30_signature
                  0x000939          0x6 /opt/microchip/xc16/v2.10/bin/bin/../../lib/libc99-elf.a(toupper.XX_o)
 __c30_signature
                  0x00093f          0x6 /opt/microchip/xc16/v2.10/bin/bin/../../lib/libc99-elf.a(__int_vfprintf.XX_o)
 __c30_signature
                  0x000945          0x6 /opt/microchip/xc16/v2.10/bin/bin/../../lib/libc99-elf.a(__pop_float.XX_o)
 __c30_signature
                  0x00094b          0x6 /opt/microchip/xc16/v2.10/bin/bin/../../lib/libc99-pic30-elf.a(extendsfdf.XX_o)
 __c30_signature
                  0x000951          0x6 /opt/microchip/xc16/v2.10/bin/bin/../../lib/libc99-pic30-elf.a(feqltle.XX_o)
 __c30_signature
                  0x000957          0x6 /opt/microchip/xc16/v2.10/bin/bin/../../lib/libc99-pic30-elf.a(fgtge.XX_o)
 __c30_signature
                  0x00095d          0x6 /opt/microchip/xc16/v2.10/bin/bin/../../lib/libc99-pic30-elf.a(mulsi3.XX_o)
 __c30_signature
                  0x000963          0x6 /opt/microchip/xc16/v2.10/bin/bin/../../lib/libc99-pic30-elf.a(divmoddi3.XX_o)
 __c30_signature
                  0x000969          0x6 /opt/microchip/xc16/v2.10/bin/bin/../../lib/libc99-pic30-elf.a(fcompare.XX_o)
 __c30_signature
                  0x00096f          0x6 /opt/microchip/xc16/v2.10/bin/bin/../../lib/libc99-pic30-elf.a(funpack2.XX_o)

.nbss               0x0850         0x10
 .nbss              0x0850         0x10 build/default/debug/project1_main.o
                    0x0850                  _PB1_event
                    0x0852                  _PB2_event
                    0x0854                  _PB3_event
                    0x0856                  _PB_event
                    0x0858                  _disp_enable
                    0x085a                  _state
                    0x085c                  _min
                    0x085e                  _sec

.ndata              0x0860          0x2
 .ndata             0x0860          0x2 build/default/debug/project1_main.o
                    0x0860                  _state_str

.nbss               0x0862          0x4
 .nbss              0x0862          0x2 build/default/debug/UART2.o
                    0x0862                  _clkval
 .nbss              0x0864          0x2 /opt/microchip/xc16/v2.10/bin/bin/../../lib/libc99-pic30-elf.a(errno.XX_o)
                    0x0864                  _errno

.data               0x0866         0x36
 .data              0x0866         0x1e /opt/microchip/xc16/v2.10/bin/bin/../../lib/libc99-elf.a(__printf_core.XX_o)
 .data              0x0884         0x18 /opt/microchip/xc16/v2.10/bin/bin/../../lib/libm-elf.a(powf.XX_o)

.bss                0x089c          0x2
 .bss               0x089c          0x2 /opt/microchip/xc16/v2.10/bin/bin/../../lib/libc99-elf.a(__errno_location.XX_o)
                    0x089c                  ___errno_val

.config_DSWDTEN
                  0xf80010          0x2
 .config_DSWDTEN
                  0xf80010          0x2 build/default/debug/project1_main.o

.config_BKBUG     0xf8000e          0x2
 .config_BKBUG    0xf8000e          0x2 build/default/debug/project1_main.o

.config_MCLRE     0xf8000c          0x2
 .config_MCLRE    0xf8000c          0x2 build/default/debug/project1_main.o

.config_FWDTEN    0xf8000a          0x2
 .config_FWDTEN
                  0xf8000a          0x2 build/default/debug/project1_main.o

.config_FCKSM     0xf80008          0x2
 .config_FCKSM    0xf80008          0x2 build/default/debug/project1_main.o

.config_IESO      0xf80006          0x2
 .config_IESO     0xf80006          0x2 build/default/debug/project1_main.o

.ivt._T2Interrupt
                  0x000022          0x2
 .ivt._T2Interrupt
                  0x000022          0x2 build/default/debug/project1_main.o

.ivt._T3Interrupt
                  0x000024          0x2
 .ivt._T3Interrupt
                  0x000024          0x2 build/default/debug/project1_main.o

.ivt._CNInterrupt
                  0x00003a          0x2
 .ivt._CNInterrupt
                  0x00003a          0x2 build/default/debug/project1_main.o

.ivt._U2RXInterrupt
                  0x000050          0x2
 .ivt._U2RXInterrupt
                  0x000050          0x2 build/default/debug/UART2.o

.ivt._U2TXInterrupt
                  0x000052          0x2
 .ivt._U2TXInterrupt
                  0x000052          0x2 build/default/debug/UART2.o

.const              0xa21c         0x56 load address 0x00221c  
 .const             0xa21c         0x56 build/default/debug/project1_main.o

.text             0x002272        0x43c
 .text            0x002272        0x1f6 build/default/debug/UART2.o
                  0x002272                  _InitUART2
                  0x0022da                  _XmitUART2
                  0x002312                  _Disp2Hex
                  0x002370                  _Disp2Hex32
                  0x0023e6                  _Disp2Dec
                  0x002446                  _Disp2String
 .text            0x002468        0x12c build/default/debug/project1_main.o
                  0x002468                  _main
 .text            0x002594         0xac build/default/debug/IOs.o
                  0x002594                  _IOinit
                  0x0025c0                  _IOcheck
 .text            0x002640         0x6e build/default/debug/clkChange.o
                  0x002640                  _newClk

.dinit            0x0026ae         0x52
 .dinit           0x0026ae         0x52 data_init

.text             0x002700         0x3c
 .text            0x002700         0x3c build/default/debug/TimeDelay.o
                  0x002700                  _delay_ms
